
R version 4.1.1 (2021-08-10) -- "Kick Things"
Copyright (C) 2021 The R Foundation for Statistical Computing
Platform: aarch64-apple-darwin20 (64-bit)

R is free software and comes with ABSOLUTELY NO WARRANTY.
You are welcome to redistribute it under certain conditions.
Type 'license()' or 'licence()' for distribution details.

  Natural language support but running in an English locale

R is a collaborative project with many contributors.
Type 'contributors()' for more information and
'citation()' on how to cite R or R packages in publications.

Type 'demo()' for some demos, 'help()' for on-line help, or
'help.start()' for an HTML browser interface to help.
Type 'q()' to quit R.

> devtools::test()
ℹ Testing zoomstudentengagement

Attaching package: ‘lubridate’

The following objects are masked from ‘package:base’:

    date, intersect, setdiff, union

✔ | F W  S  OK | Context

⠏ |          0 | create_analysis_config                                         
⠏ |         30 | create_analysis_config                                         
✔ |         42 | create_analysis_config

⠏ |          0 | create_session_mapping                                         
⠏ |         10 | create_session_mapping                                         
✔ |   2     16 | create_session_mapping
────────────────────────────────────────────────────────────────────────────────
Warning ('test-create_session_mapping.R:106:3'): create_session_mapping handles unmatched recordings
1 recordings need manual assignment
Backtrace:
    ▆
 1. └─zoomstudentengagement::create_session_mapping(...) at test-create_session_mapping.R:106:3

Warning ('test-create_session_mapping.R:131:3'): create_session_mapping handles empty course_info
1 recordings need manual assignment
Backtrace:
    ▆
 1. └─zoomstudentengagement::create_session_mapping(...) at test-create_session_mapping.R:131:3
────────────────────────────────────────────────────────────────────────────────

⠏ |          0 | detect_duplicate_transcripts                                   
⠋ |   1     20 | detect_duplicate_transcripts                                   
✔ |   1     32 | detect_duplicate_transcripts
────────────────────────────────────────────────────────────────────────────────
Warning ('test-detect_duplicate_transcripts.R:21:3'): detect_duplicate_transcripts handles non-existent files correctly
No transcript files found in the specified directory
Backtrace:
    ▆
 1. └─zoomstudentengagement::detect_duplicate_transcripts(test_tibble) at test-detect_duplicate_transcripts.R:21:3
────────────────────────────────────────────────────────────────────────────────

⠏ |          0 | join_transcripts_list                                          
✔ |         15 | join_transcripts_list

⠏ |          0 | load_cancelled_classes                                         [1] "File does not exist: /var/folders/gm/wnk5gljx6yd_ffmqb8vf48qh0000gn/T//RtmpU8bDwL/nonexistent.csv"

✔ |          9 | load_cancelled_classes

⠏ |          0 | load_roster                                                    Rows: 3 Columns: 3
-- Column specification --------------------------------------------------------
Delimiter: ","
chr (1): name
dbl (1): student_id
lgl (1): enrolled

i Use `spec()` to retrieve the full column specification for this data.
i Specify the column types or set `show_col_types = FALSE` to quiet this message.
Rows: 2 Columns: 3
-- Column specification --------------------------------------------------------
Delimiter: ","
chr (1): name
dbl (1): student_id
lgl (1): enrolled

i Use `spec()` to retrieve the full column specification for this data.
i Specify the column types or set `show_col_types = FALSE` to quiet this message.
Rows: 2 Columns: 3
-- Column specification --------------------------------------------------------
Delimiter: ","
chr (1): name
dbl (1): student_id
lgl (1): enrolled

i Use `spec()` to retrieve the full column specification for this data.
i Specify the column types or set `show_col_types = FALSE` to quiet this message.

⠇ |          9 | load_roster                                                    
✔ |         11 | load_roster

⠏ |          0 | load_section_names_lookup                                      
✔ |   3     14 | load_section_names_lookup
────────────────────────────────────────────────────────────────────────────────
Warning ('test-load_section_names_lookup.R:8:3'): load_section_names_lookup loads valid file with all required columns
One or more parsing issues, call `problems()` on your data frame for details, e.g.:
  dat <- vroom(...)
  problems(dat)
Backtrace:
    ▆
 1. ├─zoomstudentengagement::load_section_names_lookup(...) at test-load_section_names_lookup.R:8:3
 2. │ └─readr::read_csv(file_path, col_types = section_names_lookup_col_types) at zoomstudentengagement_cursor/R/load_section_names_lookup.R:39:5
 3. │   └─vroom::vroom(...)
 4. │     └─vroom:::vroom_(...)
 5. └─cli (local) `<fn>`(`<chr>`, "vroom_parse_issue")

Warning ('test-load_section_names_lookup.R:26:3'): load_section_names_lookup returns blank tibble if file does not exist
File does not exist: /var/folders/gm/wnk5gljx6yd_ffmqb8vf48qh0000gn/T//RtmpU8bDwL/nonexistent.csv
Backtrace:
    ▆
 1. └─zoomstudentengagement::load_section_names_lookup(...) at test-load_section_names_lookup.R:26:3

Warning ('test-load_section_names_lookup.R:26:3'): load_section_names_lookup returns blank tibble if file does not exist
Creating empty lookup table.
Backtrace:
    ▆
 1. └─zoomstudentengagement::load_section_names_lookup(...) at test-load_section_names_lookup.R:26:3
────────────────────────────────────────────────────────────────────────────────

⠏ |          0 | load_transcript_files_list                                     
✔ |         10 | load_transcript_files_list

⠏ |          0 | load_zoom_recorded_sessions_list                               [1] "CSV files to process:"
[1] "zoomus_recordings__20240612.csv"
[1] "After reading CSV:"
# A tibble: 2 x 9
  filepath  Topic ID    `Start Time` `File Size (MB)` `File Count` `Total Views`
  <chr>     <chr> <chr> <chr>        <chr>                   <dbl>         <dbl>
1 /var/fol~ LTF ~ 12345 Jan 15, 202~ 100                         1            10
2 /var/fol~ LTF ~ 12346 Jan 16, 202~ 100                         1            10
# i 2 more variables: `Total Downloads` <dbl>, `Last Accessed` <chr>
[1] "After summarise:"
# A tibble: 2 x 8
  Topic           ID    `Start Time` `File Size (MB)` `File Count` `Total Views`
  <chr>           <chr> <chr>        <chr>                   <dbl>         <dbl>
1 LTF 101 - Mon ~ 12345 Jan 15, 202~ 100                         1            10
2 LTF 101 - Mon ~ 12346 Jan 16, 202~ 100                         1            10
# i 2 more variables: `Total Downloads` <dbl>, `Last Accessed` <chr>
[1] "After topic parsing:"
# A tibble: 2 x 12
  Topic           ID    `Start Time` `File Size (MB)` `File Count` `Total Views`
  <chr>           <chr> <chr>                   <dbl>        <dbl>         <dbl>
1 LTF 101 - Mon ~ 12345 Jan 15, 202~              100            1            10
2 LTF 101 - Mon ~ 12346 Jan 16, 202~              100            1            10
# i 6 more variables: `Total Downloads` <dbl>, `Last Accessed` <chr>,
#   dept <chr>, course_section <chr>, course <int>, section <int>
[1] "Start Time values:"
[1] "Jan 15, 2024 10:00:00 AM" "Jan 16, 2024 10:00 AM"   
[1] "After date parsing:"
# A tibble: 2 x 14
  Topic           ID    `Start Time` `File Size (MB)` `File Count` `Total Views`
  <chr>           <chr> <chr>                   <dbl>        <dbl>         <dbl>
1 LTF 101 - Mon ~ 12345 Jan 15, 202~              100            1            10
2 LTF 101 - Mon ~ 12346 Jan 16, 202~              100            1            10
# i 8 more variables: `Total Downloads` <dbl>, `Last Accessed` <chr>,
#   dept <chr>, course_section <chr>, course <int>, section <int>,
#   match_start_time <dttm>, match_end_time <dttm>
[1] "Final result after filtering:"
# A tibble: 2 x 14
  Topic           ID    `Start Time` `File Size (MB)` `File Count` `Total Views`
  <chr>           <chr> <chr>                   <dbl>        <dbl>         <dbl>
1 LTF 101 - Mon ~ 12345 Jan 15, 202~              100            1            10
2 LTF 101 - Mon ~ 12346 Jan 16, 202~              100            1            10
# i 8 more variables: `Total Downloads` <dbl>, `Last Accessed` <chr>,
#   dept <chr>, course_section <chr>, course <int>, section <int>,
#   match_start_time <dttm>, match_end_time <dttm>

⠙ |   1      1 | load_zoom_recorded_sessions_list                               [1] "CSV files to process:"
[1] "zoomus_recordings__20240612.csv"
[1] "After reading CSV:"
# A tibble: 3 x 9
  filepath  Topic ID    `Start Time` `File Size (MB)` `File Count` `Total Views`
  <chr>     <chr> <chr> <chr>        <chr>                   <dbl>         <dbl>
1 /var/fol~ DATA~ 12345 Jan 15, 202~ 100                         1            10
2 /var/fol~ LTF ~ 12346 Jan 16, 202~ 100                         1            10
3 /var/fol~ MATH~ 12347 Jan 17, 202~ 100                         1            10
# i 2 more variables: `Total Downloads` <dbl>, `Last Accessed` <chr>
[1] "After summarise:"
# A tibble: 3 x 8
  Topic           ID    `Start Time` `File Size (MB)` `File Count` `Total Views`
  <chr>           <chr> <chr>        <chr>                   <dbl>         <dbl>
1 DATASCI 201.00~ 12345 Jan 15, 202~ 100                         1            10
2 LTF 101 - Mon ~ 12346 Jan 16, 202~ 100                         1            10
3 MATH 250.001 -~ 12347 Jan 17, 202~ 100                         1            10
# i 2 more variables: `Total Downloads` <dbl>, `Last Accessed` <chr>
[1] "After topic parsing:"
# A tibble: 3 x 12
  Topic           ID    `Start Time` `File Size (MB)` `File Count` `Total Views`
  <chr>           <chr> <chr>                   <dbl>        <dbl>         <dbl>
1 DATASCI 201.00~ 12345 Jan 15, 202~              100            1            10
2 LTF 101 - Mon ~ 12346 Jan 16, 202~              100            1            10
3 MATH 250.001 -~ 12347 Jan 17, 202~              100            1            10
# i 6 more variables: `Total Downloads` <dbl>, `Last Accessed` <chr>,
#   dept <chr>, course_section <chr>, course <int>, section <int>
[1] "Start Time values:"
[1] "Jan 15, 2024 10:00:00 AM" "Jan 16, 2024 10:00 AM"   
[3] "Jan 17, 2024 10:00:00 AM"
[1] "After date parsing:"
# A tibble: 3 x 14
  Topic           ID    `Start Time` `File Size (MB)` `File Count` `Total Views`
  <chr>           <chr> <chr>                   <dbl>        <dbl>         <dbl>
1 DATASCI 201.00~ 12345 Jan 15, 202~              100            1            10
2 LTF 101 - Mon ~ 12346 Jan 16, 202~              100            1            10
3 MATH 250.001 -~ 12347 Jan 17, 202~              100            1            10
# i 8 more variables: `Total Downloads` <dbl>, `Last Accessed` <chr>,
#   dept <chr>, course_section <chr>, course <int>, section <int>,
#   match_start_time <dttm>, match_end_time <dttm>
[1] "Final result after filtering:"
# A tibble: 3 x 14
  Topic           ID    `Start Time` `File Size (MB)` `File Count` `Total Views`
  <chr>           <chr> <chr>                   <dbl>        <dbl>         <dbl>
1 DATASCI 201.00~ 12345 Jan 15, 202~              100            1            10
2 LTF 101 - Mon ~ 12346 Jan 16, 202~              100            1            10
3 MATH 250.001 -~ 12347 Jan 17, 202~              100            1            10
# i 8 more variables: `Total Downloads` <dbl>, `Last Accessed` <chr>,
#   dept <chr>, course_section <chr>, course <int>, section <int>,
#   match_start_time <dttm>, match_end_time <dttm>

⠋ |   2      9 | load_zoom_recorded_sessions_list                               
✔ |   2     15 | load_zoom_recorded_sessions_list
────────────────────────────────────────────────────────────────────────────────
Warning ('test-load_zoom_recorded_sessions_list.R:38:3'): load_zoom_recorded_sessions_list loads valid CSV and returns expected tibble
Some Topic entries did not match the expected pattern and section could not be extracted.
Backtrace:
    ▆
 1. └─zoomstudentengagement::load_zoom_recorded_sessions_list(...) at test-load_zoom_recorded_sessions_list.R:38:3

Warning ('test-load_zoom_recorded_sessions_list.R:137:3'): load_zoom_recorded_sessions_list handles generalized course formats
Some Topic entries did not match the expected pattern and section could not be extracted.
Backtrace:
    ▆
 1. └─zoomstudentengagement::load_zoom_recorded_sessions_list(...) at test-load_zoom_recorded_sessions_list.R:137:3
────────────────────────────────────────────────────────────────────────────────

⠏ |          0 | load_zoom_transcript                                           Rows: 9 Columns: 1
-- Column specification --------------------------------------------------------
Delimiter: "\t"
chr (1): WEBVTT

i Use `spec()` to retrieve the full column specification for this data.
i Specify the column types or set `show_col_types = FALSE` to quiet this message.
Rows: 5 Columns: 1
-- Column specification --------------------------------------------------------
Delimiter: "\t"
chr (1): WEBVTT

i Use `spec()` to retrieve the full column specification for this data.
i Specify the column types or set `show_col_types = FALSE` to quiet this message.
Rows: 0 Columns: 1
-- Column specification --------------------------------------------------------
Delimiter: "\t"
chr (1): WEBVTT

i Use `spec()` to retrieve the full column specification for this data.
i Specify the column types or set `show_col_types = FALSE` to quiet this message.

⠹ |         13 | load_zoom_transcript                                           Rows: 6 Columns: 1
-- Column specification --------------------------------------------------------
Delimiter: "\t"
chr (1): WEBVTT

i Use `spec()` to retrieve the full column specification for this data.
i Specify the column types or set `show_col_types = FALSE` to quiet this message.

⠴ |         16 | load_zoom_transcript                                           
✔ |         16 | load_zoom_transcript

⠏ |          0 | make_blank_cancelled_classes_df                                
✔ |         26 | make_blank_cancelled_classes_df

⠏ |          0 | make_blank_section_names_lookup_csv                            
✔ |         11 | make_blank_section_names_lookup_csv

⠏ |          0 | make_clean_names_df                                            
⠴ |   4      2 | make_clean_names_df                                            
⠙ | 1 7      4 | make_clean_names_df                                            
✖ | 1 7      4 | make_clean_names_df
────────────────────────────────────────────────────────────────────────────────
Warning ('test-make_clean_names_df.R:8:3'): make_clean_names_df correctly matches names
File does not exist: data/section_names_lookup.csv
Backtrace:
    ▆
 1. └─zoomstudentengagement::make_clean_names_df(...) at test-make_clean_names_df.R:8:3
 2.   └─zoomstudentengagement::load_section_names_lookup(...) at zoomstudentengagement_cursor/R/make_clean_names_df.R:110:3

Warning ('test-make_clean_names_df.R:8:3'): make_clean_names_df correctly matches names
Creating empty lookup table.
Backtrace:
    ▆
 1. └─zoomstudentengagement::make_clean_names_df(...) at test-make_clean_names_df.R:8:3
 2.   └─zoomstudentengagement::load_section_names_lookup(...) at zoomstudentengagement_cursor/R/make_clean_names_df.R:110:3

Warning ('test-make_clean_names_df.R:27:3'): make_clean_names_df handles unmatched names
File does not exist: data/section_names_lookup.csv
Backtrace:
    ▆
 1. └─zoomstudentengagement::make_clean_names_df(...) at test-make_clean_names_df.R:27:3
 2.   └─zoomstudentengagement::load_section_names_lookup(...) at zoomstudentengagement_cursor/R/make_clean_names_df.R:110:3

Warning ('test-make_clean_names_df.R:27:3'): make_clean_names_df handles unmatched names
Creating empty lookup table.
Backtrace:
    ▆
 1. └─zoomstudentengagement::make_clean_names_df(...) at test-make_clean_names_df.R:27:3
 2.   └─zoomstudentengagement::load_section_names_lookup(...) at zoomstudentengagement_cursor/R/make_clean_names_df.R:110:3

Warning ('test-make_clean_names_df.R:45:3'): make_clean_names_df handles empty input
File does not exist: data/section_names_lookup.csv
Backtrace:
    ▆
 1. └─zoomstudentengagement::make_clean_names_df(...) at test-make_clean_names_df.R:45:3
 2.   └─zoomstudentengagement::load_section_names_lookup(...) at zoomstudentengagement_cursor/R/make_clean_names_df.R:110:3

Warning ('test-make_clean_names_df.R:45:3'): make_clean_names_df handles empty input
Creating empty lookup table.
Backtrace:
    ▆
 1. └─zoomstudentengagement::make_clean_names_df(...) at test-make_clean_names_df.R:45:3
 2.   └─zoomstudentengagement::load_section_names_lookup(...) at zoomstudentengagement_cursor/R/make_clean_names_df.R:110:3

Warning ('test-make_clean_names_df.R:66:3'): make_clean_names_df preserves section information
Unknown or uninitialised column: `transcript_section`.
Backtrace:
    ▆
 1. ├─`*tmp*`$transcript_section at test-make_clean_names_df.R:66:3
 2. └─tibble:::`$.tbl_df`(`*tmp*`, transcript_section) at test-make_clean_names_df.R:66:3

Failure ('test-make_clean_names_df.R:86:3'): make_clean_names_df preserves section information
all(result$transcript_section %in% c("101.A", "101.B")) is not TRUE

`actual`:   FALSE
`expected`: TRUE 
────────────────────────────────────────────────────────────────────────────────

⠏ |          0 | make_metrics_lookup_df                                         
✔ |          7 | make_metrics_lookup_df

⠏ |          0 | make_names_to_clean_df                                         
✔ |         10 | make_names_to_clean_df

⠏ |          0 | make_new_analysis_template                                     
✔ |          7 | make_new_analysis_template

⠏ |          0 | make_roster_small                                              
✔ |         14 | make_roster_small

⠏ |          0 | make_sections_df                                               
✔ |         12 | make_sections_df

⠏ |          0 | make_semester_df                                               
✔ |         11 | make_semester_df

⠏ |          0 | make_student_roster_sessions                                   
⠦ | 1 1      5 | make_student_roster_sessions                                   
✖ | 1 1     10 | make_student_roster_sessions
────────────────────────────────────────────────────────────────────────────────
Warning ('test-make_student_roster_sessions.R:21:3'): make_student_roster_sessions creates correct structure
Detected an unexpected many-to-many relationship between `x` and `y`.
i Row 1 of `x` matches multiple rows in `y`.
i Row 1 of `y` matches multiple rows in `x`.
i If a many-to-many relationship is expected, set `relationship = "many-to-many"` to silence this warning.
Backtrace:
     ▆
  1. ├─zoomstudentengagement::make_student_roster_sessions(...) at test-make_student_roster_sessions.R:21:3
  2. │ ├─dplyr::inner_join(...) at zoomstudentengagement_cursor/R/make_student_roster_sessions.R:103:5
  3. │ └─dplyr:::inner_join.data.frame(...)
  4. │   └─dplyr:::join_mutate(...)
  5. │     └─dplyr:::join_rows(...)
  6. │       └─dplyr:::dplyr_locate_matches(...)
  7. │         ├─base::withCallingHandlers(...)
  8. │         └─vctrs::vec_locate_matches(...)
  9. ├─vctrs:::warn_matches_relationship_many_to_many(...)
 10. │ └─vctrs:::warn_matches_relationship(...)
 11. │   └─vctrs:::warn_matches(...)
 12. │     └─vctrs:::warn_vctrs(...)
 13. │       └─rlang::warn(...)
 14. │         └─base::warning(cnd)
 15. │           └─base::withRestarts(...)
 16. │             └─base (local) withOneRestart(expr, restarts[[1L]])
 17. │               └─base (local) doWithOneRestart(return(expr), restart)
 18. └─dplyr (local) `<fn>`(`<vc______>`)
 19.   └─dplyr:::rethrow_warning_join_relationship_many_to_many(cnd, error_call)
 20.     └─dplyr:::warn_join(...)
 21.       └─dplyr:::warn_dplyr(...)

Failure ('test-make_student_roster_sessions.R:23:3'): make_student_roster_sessions creates correct structure
all(...) is not TRUE

`actual`:   FALSE
`expected`: TRUE 
────────────────────────────────────────────────────────────────────────────────

⠏ |          0 | make_students_only_transcripts_summary_df                      
✔ |         11 | make_students_only_transcripts_summary_df

⠏ |          0 | make_transcripts_session_summary_df                            
✔ |          7 | make_transcripts_session_summary_df

⠏ |          0 | make_transcripts_summary_df                                    
✔ |         11 | make_transcripts_summary_df

⠏ |          0 | mask_user_names_by_metric                                      
✔ |          8 | mask_user_names_by_metric

⠏ |          0 | name-matching                                                  
✔ |   1      0 | name-matching
────────────────────────────────────────────────────────────────────────────────
Warning ('test-name-matching.R:1:1'): (code run outside of `test_that()`)
`context()` was deprecated in the 3rd edition.
Backtrace:
    ▆
 1. └─testthat::context("Name Matching") at test-name-matching.R:1:1
 2.   └─testthat:::edition_deprecate(3, "context()")
────────────────────────────────────────────────────────────────────────────────

⠏ |          0 | Name Matching                                                  
⠸ |   4     20 | Name Matching                                                  
✔ |   4     35 | Name Matching
────────────────────────────────────────────────────────────────────────────────
Warning ('test-name-matching.R:9:3'): make_clean_names_df handles basic cases
File does not exist: data/section_names_lookup.csv
Backtrace:
    ▆
 1. └─zoomstudentengagement::make_clean_names_df(...) at test-name-matching.R:9:3
 2.   └─zoomstudentengagement::load_section_names_lookup(...) at zoomstudentengagement_cursor/R/make_clean_names_df.R:110:3

Warning ('test-name-matching.R:9:3'): make_clean_names_df handles basic cases
Creating empty lookup table.
Backtrace:
    ▆
 1. └─zoomstudentengagement::make_clean_names_df(...) at test-name-matching.R:9:3
 2.   └─zoomstudentengagement::load_section_names_lookup(...) at zoomstudentengagement_cursor/R/make_clean_names_df.R:110:3

Warning ('test-name-matching.R:38:3'): make_clean_names_df handles special characters
File does not exist: data/section_names_lookup.csv
Backtrace:
    ▆
 1. └─zoomstudentengagement::make_clean_names_df(...) at test-name-matching.R:38:3
 2.   └─zoomstudentengagement::load_section_names_lookup(...) at zoomstudentengagement_cursor/R/make_clean_names_df.R:110:3

Warning ('test-name-matching.R:38:3'): make_clean_names_df handles special characters
Creating empty lookup table.
Backtrace:
    ▆
 1. └─zoomstudentengagement::make_clean_names_df(...) at test-name-matching.R:38:3
 2.   └─zoomstudentengagement::load_section_names_lookup(...) at zoomstudentengagement_cursor/R/make_clean_names_df.R:110:3
────────────────────────────────────────────────────────────────────────────────

⠏ |          0 | plotting_functions                                             
⠼ |   2      3 | plotting_functions                                             
⠹ |   4      9 | plotting_functions                                             
⠹ |   8     15 | plotting_functions                                             
✔ |   10     28 | plotting_functions
────────────────────────────────────────────────────────────────────────────────
Warning ('test-plotting_functions.R:3:3'): plot_users_by_metric creates valid ggplot object with correct properties
File does not exist: data/section_names_lookup.csv
Backtrace:
    ▆
 1. └─zoomstudentengagement::make_clean_names_df(...) at test-plotting_functions.R:3:3
 2.   └─zoomstudentengagement::load_section_names_lookup(...) at zoomstudentengagement_cursor/R/make_clean_names_df.R:110:3

Warning ('test-plotting_functions.R:3:3'): plot_users_by_metric creates valid ggplot object with correct properties
Creating empty lookup table.
Backtrace:
    ▆
 1. └─zoomstudentengagement::make_clean_names_df(...) at test-plotting_functions.R:3:3
 2.   └─zoomstudentengagement::load_section_names_lookup(...) at zoomstudentengagement_cursor/R/make_clean_names_df.R:110:3

Warning ('test-plotting_functions.R:39:3'): plot_users_masked_section_by_metric masks names correctly and creates valid plot
File does not exist: data/section_names_lookup.csv
Backtrace:
    ▆
 1. └─zoomstudentengagement::make_clean_names_df(...) at test-plotting_functions.R:39:3
 2.   └─zoomstudentengagement::load_section_names_lookup(...) at zoomstudentengagement_cursor/R/make_clean_names_df.R:110:3

Warning ('test-plotting_functions.R:39:3'): plot_users_masked_section_by_metric masks names correctly and creates valid plot
Creating empty lookup table.
Backtrace:
    ▆
 1. └─zoomstudentengagement::make_clean_names_df(...) at test-plotting_functions.R:39:3
 2.   └─zoomstudentengagement::load_section_names_lookup(...) at zoomstudentengagement_cursor/R/make_clean_names_df.R:110:3

Warning ('test-plotting_functions.R:74:3'): plotting functions handle empty data gracefully
File does not exist: data/section_names_lookup.csv
Backtrace:
    ▆
 1. └─zoomstudentengagement::make_clean_names_df(...) at test-plotting_functions.R:74:3
 2.   └─zoomstudentengagement::load_section_names_lookup(...) at zoomstudentengagement_cursor/R/make_clean_names_df.R:110:3

Warning ('test-plotting_functions.R:74:3'): plotting functions handle empty data gracefully
Creating empty lookup table.
Backtrace:
    ▆
 1. └─zoomstudentengagement::make_clean_names_df(...) at test-plotting_functions.R:74:3
 2.   └─zoomstudentengagement::load_section_names_lookup(...) at zoomstudentengagement_cursor/R/make_clean_names_df.R:110:3

Warning ('test-plotting_functions.R:103:3'): plotting functions handle different metrics correctly
File does not exist: data/section_names_lookup.csv
Backtrace:
    ▆
 1. └─zoomstudentengagement::make_clean_names_df(...) at test-plotting_functions.R:103:3
 2.   └─zoomstudentengagement::load_section_names_lookup(...) at zoomstudentengagement_cursor/R/make_clean_names_df.R:110:3

Warning ('test-plotting_functions.R:103:3'): plotting functions handle different metrics correctly
Creating empty lookup table.
Backtrace:
    ▆
 1. └─zoomstudentengagement::make_clean_names_df(...) at test-plotting_functions.R:103:3
 2.   └─zoomstudentengagement::load_section_names_lookup(...) at zoomstudentengagement_cursor/R/make_clean_names_df.R:110:3

Warning ('test-plotting_functions.R:135:3'): plotting functions handle invalid metrics gracefully
File does not exist: data/section_names_lookup.csv
Backtrace:
    ▆
 1. └─zoomstudentengagement::make_clean_names_df(...) at test-plotting_functions.R:135:3
 2.   └─zoomstudentengagement::load_section_names_lookup(...) at zoomstudentengagement_cursor/R/make_clean_names_df.R:110:3

Warning ('test-plotting_functions.R:135:3'): plotting functions handle invalid metrics gracefully
Creating empty lookup table.
Backtrace:
    ▆
 1. └─zoomstudentengagement::make_clean_names_df(...) at test-plotting_functions.R:135:3
 2.   └─zoomstudentengagement::load_section_names_lookup(...) at zoomstudentengagement_cursor/R/make_clean_names_df.R:110:3
────────────────────────────────────────────────────────────────────────────────

⠏ |          0 | process_zoom_transcript                                        
⠼ |          5 | process_zoom_transcript                                        
✔ |          7 | process_zoom_transcript

⠏ |          0 | summarize_transcript_files                                     # A tibble: 4 x 2
  file_name transcript_file   
  <chr>     <chr>             
1 file1.vtt different_file.vtt
2 file1.vtt different_file.vtt
3 file2.vtt different_file.vtt
4 file2.vtt different_file.vtt

⠧ |         18 | summarize_transcript_files                                     
✔ |         23 | summarize_transcript_files

⠏ |          0 | summarize_transcript_metrics                                   
✔ |         11 | summarize_transcript_metrics

⠏ |          0 | write_section_names_lookup                                     
✔ |          6 | write_section_names_lookup

⠏ |          0 | write_transcripts_session_summary                              
✔ |          6 | write_transcripts_session_summary

⠏ |          0 | write_transcripts_summary                                      
✔ |          6 | write_transcripts_summary

══ Results ═════════════════════════════════════════════════════════════════════
Duration: 4.0 s

── Failed tests ────────────────────────────────────────────────────────────────
Failure ('test-make_clean_names_df.R:86:3'): make_clean_names_df preserves section information
all(result$transcript_section %in% c("101.A", "101.B")) is not TRUE

`actual`:   FALSE
`expected`: TRUE 

Failure ('test-make_student_roster_sessions.R:23:3'): make_student_roster_sessions creates correct structure
all(...) is not TRUE

`actual`:   FALSE
`expected`: TRUE 

[ FAIL 2 | WARN 31 | SKIP 0 | PASS 451 ]
Warning message:
`teardown()` was deprecated in the 3rd edition.
ℹ Please use test fixtures instead see vignette('test-fixtures') for details 
> 
> 
